NOME                                               UNIDADE_DE_MEDIDA
-------------------------------------------------- -----------------
Caixa de clips                                     cx
Estojo de graffiti                                 es
Furador de papel                                   un
Resma de papel sulfite                             rs
Bloco de notas tipo post-it                        bl
Jogo de lápis e caneta                             jo
Resma de papel almaço                              rs
Bloco de recibo                                    bl
Caixa de elásticos                                 cx
Abridor de correspondência                         un
Matemática elementar                               un
O caçador de quadrados                             un
Informática para iniciantes                        un
Aprenda a programar Delphi em 24 horas             un
Guia de referência do carpinteiro                  un
Os 1000 lugares que você deve conhecer             un
História conteporrânea - de quinta a oitava série  un
Quem mexeu no meu bauru ?                          un
A arte da paz                                      un
Enciclopédia da anatomia humana                    un
Tudo sobre o budismo                               un
Estojo de maquilagem                               es
Cartão de natal                                    un
Caixa para embrulhar presentes                     cx
Carteira de couro preto                            un
Lápis de olho                                      un
Caixa de esmalte colorido                          cx
Bonequinho da profissão                            un
Cortador de charuto                                un
Porta retrato                                      un
Cofrinho de moedas                                 un
Luminária flexível                                 un
Folha de papel vegetal para croqui                 fl
Régua de desenho no formato T                      fl
Pasta de secretariado                              un
Caixa de arquivo morto                             cx
CD regravável                                      un
Cabo de impressora                                 un
Mapa múndi                                         un
Prancheta de desenho técnico                       un
Avental Branco                                     un
Bisnaga de tinta plástica                          bi
Pincel tipo liso                                   un
Tubo de cola                                       un
Folha de cartolina                                 fl
Caixa de lápis de cor                              cx
Caderno quadriculado                               un
Tesoura sem ponta                                  un
Giz de cera                                        cx
Régua                                              un
Pote de Guache colorido                            un
Bola de isopor                                     un
Corretor tipo liguid paper                         un
Fichário                                           un

(54 row(s) affected)

